[src/util.c:8]: Alloc
[src/util.c:13]: Free
